[naftagaz.com/en/index.html]
[backblue.gif]
[fade.gif]
[index.html]
[naftagaz.com/upload/iblock/046/92hxrtv1vvrkoeddqokn4om8icooq32j.png]
[naftagaz.com/local/templates/naftagaz/assets/stylesheets/globalc840.css]
[naftagaz.com/local/templates/naftagaz/assets/stylesheets/landingbe1e.css]
[naftagaz.com/local/templates/naftagaz/assets/manifest/apple-touch-icon.png]
[naftagaz.com/local/templates/naftagaz/assets/manifest/favicon-32x32.png]
[naftagaz.com/local/templates/naftagaz/assets/manifest/favicon-16x16.png]
[naftagaz.com/local/templates/naftagaz/assets/manifest/apple-touch-icon-precomposed.png]
[naftagaz.com/upload/iblock/17b/90pn8b0zwwbgln3wtw9ilh8r7650fnyy.jpg]
[naftagaz.com/en/privacy/index.html]
[naftagaz.com/upload/iblock/f3d/n3hm6oa3qfpg7c81pba9twsu50luqz8c.jpg]
[naftagaz.com/local/templates/naftagaz/assets/images/px.gif]
[naftagaz.com/local/templates/naftagaz/assets/images/landing/intro/banner-1-xxl.jpg]
[naftagaz.com/local/templates/naftagaz/assets/images/landing/intro/banner-2-xxl.jpg]
[naftagaz.com/en/company/index.html]
[naftagaz.com/en/company/sustainable_development/index.html]
[naftagaz.com/en/services/driling/index.html]
[naftagaz.com/local/templates/naftagaz/assets/images/landing/intro/intro-background-xs-min.jpg]
[naftagaz.com/en/services/service/index.html]
[naftagaz.com/local/templates/naftagaz/assets/images/landing/intro/man-1-xs.png]
[naftagaz.com/en/news/index.html]
[naftagaz.com/en/career/index.html]
[naftagaz.com/local/templates/naftagaz/assets/images/px-2x1.gif]
[naftagaz.com/en/contacts/index.html]
[naftagaz.com/upload/iblock/700/mclsa6fpz1zfeuht1hlx08lgqndupv42.jpg]
[naftagaz.com/en/hotline/index.html]
[naftagaz.com/upload/resize_cache/iblock/700/745_478_2/mclsa6fpz1zfeuht1hlx08lgqndupv42.jpg]
[naftagaz.com/upload/resize_cache/iblock/700/560_360_2/mclsa6fpz1zfeuht1hlx08lgqndupv42.jpg]
[naftagaz.com/upload/iblock/8b7/4t04psz8rlzqgy32ldbzn6klbmkho06c.jpg]
[naftagaz.com/upload/iblock/5b4/6aipytip96wgo5thy20bd779qm4dgmzb.jpg]
[naftagaz.com/upload/resize_cache/iblock/cfb/720_720_2/wpy9ahbq6h54ie8yqgol0eqcbwu8v0ec.jpg]
[naftagaz.com/upload/resize_cache/iblock/09a/720_720_2/ong4ukh7xy0a03xg3704mx23fc7237dh.jpg]
[naftagaz.com/en/ceo/islam-nazaraliev/index.html]
[naftagaz.com/upload/resize_cache/iblock/5ca/720_720_2/xl2fv0q44rh2cdslolzbf43r6okemqiu.jpg]
[naftagaz.com/upload/resize_cache/iblock/79a/720_720_2/a9je73r4afbrq12y655rzw4akov5lied.jpg]
[naftagaz.com/upload/resize_cache/iblock/458/270_360_0/iq6hx2s1o38xtwgjlzojs4h5qko65wnz.jpg]
[naftagaz.com/upload/resize_cache/iblock/7fd/270_360_0/rgebxje7052i0chgabz32gnjfy37yyzl.jpg]
[naftagaz.com/upload/resize_cache/iblock/d84/270_360_0/w5bo35fkz6ldpumv8f6577zytl43avlp.jpg]
[naftagaz.com/upload/resize_cache/iblock/d54/270_360_0/x6f5rf8i7tvdtqh5x7twqw9kqot74swx.jpg]
[naftagaz.com/en/news/naftagaz-tripled-the-benefits-package-program-for-employees/index.html]
[naftagaz.com/upload/resize_cache/iblock/f92/270_360_0/dtk4c5oxaj9fuonwmwxsj0ofz103gt1g.jpg]
[naftagaz.com/upload/resize_cache/iblock/3d0/270_360_0/uebuqns4a0721h7m655y5198ebb6eada.jpg]
[naftagaz.com/upload/resize_cache/iblock/bf5/270_360_0/ji3zwlajpy6kq429bqxr0t1yax9d4zdq.jpg]
[naftagaz.com/upload/resize_cache/iblock/89c/270_360_0/742s9c0etp7a1h8cw5xwg4nmsaxk49j3.jpg]
[naftagaz.com/en/news/naftagaz-signed-a-new-contract-with-gazpromneft-zapolyarye-for-the-construction-of-wells-at-the-uren/index.html]
[naftagaz.com/upload/resize_cache/iblock/2b6/270_360_0/wn9ausqg6e1v0oz12ikwlxvh57bbacrj.jpg]
[naftagaz.com/upload/resize_cache/iblock/45e/270_360_0/rw4r66ws4krleok9mwnfqpgukbfqmukb.jpg]
[naftagaz.com/upload/resize_cache/iblock/2e6/270_360_0/fosodbc23igm9ykbrtjlmy4oaugyo9h8.jpg]
[naftagaz.com/upload/resize_cache/iblock/57d/270_360_0/m6i4945jalcxclle81g7u80rqq3hvqn1.jpg]
[naftagaz.com/upload/resize_cache/iblock/b32/270_360_0/wm73e4eswevt7vp1fq5iaw18c8rk0dlk.jpg]
[naftagaz.com/en/news/naftagaz-improved-production-performance-in-2021-compared-to-the-previous-period/index.html]
[naftagaz.com/upload/resize_cache/iblock/2ac/270_360_0/tf0k9vjv25mx3mjxnitvwf535tmn2h0y.png]
[naftagaz.com/upload/resize_cache/iblock/56f/270_360_0/2axiicfdxch7wyja8yo8zs34ab339mvy.png]
[naftagaz.com/upload/resize_cache/iblock/648/270_360_0/40okvcvun0lsl0dclu7ss5971vybosxy.jpg]
[naftagaz.com/upload/resize_cache/iblock/887/270_360_0/gdw0yfe91itzyw1ta11sf0voj1d1lmt1.jpg]
[naftagaz.com/en/news/6-new-drilling-rigs-of-naftagaz-started-working-at-gazprom-neft-facilities/index.html]
[naftagaz.com/upload/resize_cache/iblock/b03/270_360_0/jw7gfmnqh7td69jpxmeon5lff0eyvaro.jpg]
[naftagaz.com/en/news/naftagaz-supported-the-northern-cup-competition-in-kyokushinkai/index.html]
[naftagaz.com/upload/resize_cache/iblock/366/270_360_0/1nbn1hlqd660ic5hfs71bz1vme59pmhe.png]
[naftagaz.com/upload/resize_cache/iblock/474/270_360_0/4lrj4cdtk8cjps2yf9rvvyljd4wp3c2a.jpg]
[naftagaz.com/bitrix/js/main/core/core9526.js]
[naftagaz.com/bitrix/js/main/core/core_promise.js]
[naftagaz.com/en/news/the-first-drilling-rig-of-naftagaz-started-work-at-the-tazovskoye-field-for-meretoyakhaneftegaz/index.html]
[naftagaz.com/bitrix/js/main/polyfill/promise/js/promise.js]
[naftagaz.com/bitrix/js/main/loadext/loadext.js]
[naftagaz.com/bitrix/js/main/loadext/extension.js]
[naftagaz.com/bitrix/js/main/polyfill/find/js/find.js]
[naftagaz.com/en/news/the-first-lot-of-new-special-equipment-for-naftagaz-service/index.html]
[naftagaz.com/bitrix/js/main/polyfill/includes/js/includes.js]
[naftagaz.com/bitrix/js/main/polyfill/matches/js/matches.js]
[naftagaz.com/bitrix/js/ui/polyfill/closest/js/closest.js]
[naftagaz.com/bitrix/js/main/polyfill/fill/main.polyfill.fill.js]
[naftagaz.com/bitrix/js/main/polyfill/core/dist/polyfill.bundle.js]
[naftagaz.com/bitrix/js/main/core/core.js]
[naftagaz.com/bitrix/js/main/polyfill/intersectionobserver/js/intersectionobserver.js]
[naftagaz.com/bitrix/js/main/lazyload/dist/lazyload.bundle.js]
[naftagaz.com/bitrix/js/pull/protobuf/protobuf3b95.js]
[naftagaz.com/bitrix/js/pull/protobuf/model8e90.js]
[naftagaz.com/bitrix/js/rest/client/rest.clienta3b8.js]
[naftagaz.com/bitrix/js/pull/client/pull.clienteb6b.js]
[mc.yandex.ru/metrika/tag.js]
[naftagaz.com/local/templates/naftagaz/assets/javascripts/blank.js]
[naftagaz.com/local/templates/naftagaz/assets/javascripts/shared.js]
[naftagaz.com/local/templates/naftagaz/assets/javascripts/landing.js]
[naftagaz.com/local/templates/naftagaz/assets/javascripts/illustration.js]
[naftagaz.com/en/index.html]
[naftagaz.com/local/templates/naftagaz/assets/stylesheets/globalc840.css]
[naftagaz.com/local/templates/naftagaz/assets/stylesheets/landingbe1e.css]
[naftagaz.com/local/templates/naftagaz/assets/stylesheets/privacy-policya081.css]
[naftagaz.com/en/privacy/index.html]
[naftagaz.com/local/templates/naftagaz/assets/stylesheets/about1a6b.css]
[naftagaz.com/local/templates/naftagaz/assets/images/about/info/top-xs.jpg]
[naftagaz.com/local/templates/naftagaz/assets/images/about/info/man-xs.png]
[naftagaz.com/upload/iblock/c78/juwhg4htfdrxyoxguaq8zlc53it1waod.jpg]
[naftagaz.com/upload/resize_cache/iblock/21a/360_329_2/ugwlv6tcy00elyzn2rflzcmlk3mjttb6.jpg]
[naftagaz.com/upload/resize_cache/iblock/a23/360_329_2/ep4dajovy6ikbycvmoganuacr6jow0s0.jpg]
[naftagaz.com/upload/iblock/306/3xfg1mxs81daw2blgp522iv29tpmh52q.jpg]
[naftagaz.com/upload/resize_cache/iblock/978/345_405_2/wl53ochfs3lpz55qh0andffuetak7hm9.jpg]
[naftagaz.com/upload/resize_cache/iblock/9f7/345_405_2/bk8hd7jggoo4duwcrfmw3rhp7t1lwf1s.jpg]
[naftagaz.com/upload/resize_cache/iblock/bb0/345_405_2/3wh83i060bitemlzk7j1qo3o91me6845.jpg]
[naftagaz.com/upload/resize_cache/iblock/18c/345_405_2/7stfebpvvors6zsh86h6zz6gf80adbrs.jpg]
[naftagaz.com/local/templates/naftagaz/assets/images/about/geography/pin-xs.png]
[naftagaz.com/local/templates/naftagaz/assets/images/about/geography/pin.png]
[naftagaz.com/local/templates/naftagaz/assets/images/about/geography/pin-overlay.png]
[naftagaz.com/upload/resize_cache/iblock/a85/300_300_2/zz6y8ly6a6yin30im4ivwyb4u1o8wtcg.jpg]
[naftagaz.com/upload/resize_cache/iblock/d5b/300_300_2/jm5vufo72rrmzlqi3r7ojbbgl6uun75c.jpg]
[naftagaz.com/upload/resize_cache/iblock/350/300_300_2/5lhosu2rkq4z0oeiyg7hq8x6d4n3kwbj.jpg]
[naftagaz.com/upload/resize_cache/iblock/705/300_300_2/y565cn9qqdg8wno4ww5x3lao9r0gls4o.jpg]
[naftagaz.com/upload/resize_cache/iblock/6ff/300_300_2/ay69rkh6ihfg9qxblef288gn65iqedpu.jpg]
[naftagaz.com/upload/resize_cache/iblock/6e5/140_140_2/nmxeht1f4i5pomqabxx6t5mf05i9bqum.jpg]
[naftagaz.com/upload/resize_cache/iblock/ec1/140_140_2/bt031u1ww6mewva1hyo30mukjho55mms.jpg]
[naftagaz.com/upload/iblock/827/c4efqk3p8s0cl3vyb4tekzrm34j8anpg.jpg]
[naftagaz.com/upload/iblock/358/0sqyfoppi7l2blvcdr0zfy0gnls3rmys.jpg]
[naftagaz.com/assets/images/px.gif]
[naftagaz.com/en/company/index.html]
[naftagaz.com/local/templates/naftagaz/assets/javascripts/about.js]
[naftagaz.com/local/templates/naftagaz/assets/stylesheets/socialef54.css]
[naftagaz.com/local/templates/naftagaz/assets/images/social/intro/background-xs.jpg]
[naftagaz.com/upload/iblock/80a/uvq1fl0v8q1012wbx2pf8buo5linty78.jpg]
[naftagaz.com/upload/iblock/8eb/s9xpqe8q52mi2r40ryf825m3scfysw8p.jpg]
[naftagaz.com/upload/iblock/49d/a6t0pw0i6sgna9cd86gtsqpwmqp4yd16.jpg]
[naftagaz.com/upload/iblock/a43/zfooxdurghugllu26522exxqd1flwjgx.jpg]
[naftagaz.com/upload/resize_cache/iblock/f03/120_120_2/pjc4ni3glezenis65r1327ygp1sktddp.jpg]
[naftagaz.com/upload/resize_cache/iblock/e0c/120_120_2/ptwj6i72mq5mjq5xwtfkjfci1em5qknn.jpg]
[naftagaz.com/upload/resize_cache/iblock/45a/120_120_2/fs8kvjom74nj27i96we2rsiy5mnwr5hz.jpg]
[naftagaz.com/upload/resize_cache/iblock/c05/120_120_2/stpyojlvm5egk9pwe7md8z0bqyrezool.jpg]
[naftagaz.com/upload/resize_cache/iblock/8a3/120_120_2/64z85kz38ro0364fjyg55oh486u3nqea.jpg]
[naftagaz.com/upload/resize_cache/iblock/5de/120_120_2/jf7htvsn8123d6jqonev1evgipy1vofw.jpg]
[naftagaz.com/upload/iblock/035/jn1dgtvmts4p1ny8yl072xlwuzizlu9d.jpg]
[naftagaz.com/upload/resize_cache/iblock/9bf/240_240_2/296a6m8hpqdgchd3yb5vzp5uli4mqthx.jpg]
[naftagaz.com/upload/resize_cache/iblock/c35/240_240_2/oa80th8mrbpt3ceskohaj8uf41zyakue.jpg]
[naftagaz.com/upload/resize_cache/iblock/184/240_240_2/wuyyj46nazpscgstj3g3b73z8sixyp50.jpg]
[naftagaz.com/upload/resize_cache/iblock/945/240_240_2/x7suy47f0bp4dnx3f4fctj6abhz1ry5h.jpg]
[naftagaz.com/en/company/sustainable_development/index.html]
[naftagaz.com/local/templates/naftagaz/assets/javascripts/social.js]
[naftagaz.com/local/templates/naftagaz/assets/stylesheets/drilinga699.css]
[naftagaz.com/local/templates/naftagaz/assets/images/services/1.intro/service-logo-3-1-xs.jpg]
[naftagaz.com/upload/iblock/dae/164vif45wfgtwrin5htw9e2li2pqa3ze.png]
[naftagaz.com/upload/iblock/8a8/9dkszt56t2pkguakqzvs5s3u3n32t7m1.png]
[naftagaz.com/upload/iblock/fc4/9eqzk0oltxs9mw59dz5urmy0kbz8uvxb.png]
[naftagaz.com/upload/iblock/cda/jhus03a0lgdsnlnu1m6aq23jxih5h7ak.png]
[naftagaz.com/local/templates/naftagaz/assets/images/services/3.technologies/technologies-2-lg.jpg]
[naftagaz.com/local/templates/naftagaz/assets/images/services/4.we-use/we-use-xs.jpg]
[naftagaz.com/upload/iblock/a3d/xe4ehbb771ofdaezqyb6cxtuhiazezek.jpg]
[naftagaz.com/en/services/driling/index.html]
[naftagaz.com/local/templates/naftagaz/assets/javascripts/services.js]
[naftagaz.com/local/templates/naftagaz/assets/stylesheets/servicedc29.css]
[naftagaz.com/local/templates/naftagaz/assets/images/services/1.intro/service-logo-xs.jpg]
[naftagaz.com/upload/iblock/b33/p8ddix916gbo8xxlff5qta48uggwvrgo.png]
[naftagaz.com/upload/iblock/e9e/ob530k8444kijpnkrcdimqvcvm3utdj9.png]
[naftagaz.com/upload/iblock/1dd/kquews7bppimims6u992oh0ek15z7hds.png]
[naftagaz.com/upload/iblock/a05/13p46i0y0whos65vj1bi2dgd0g46sun1.png]
[naftagaz.com/upload/iblock/889/r2x7bkew76qbt2v2etk3io8ahk7puw7z.png]
[naftagaz.com/upload/iblock/79f/kcrfymwect67tt6g3ppw37gdyi405y01.jpg]
[naftagaz.com/upload/iblock/6b3/ifm9hrsuspoifjwdhtn6nmz7akito0g7.jpg]
[naftagaz.com/upload/iblock/641/9ed2jt7xye1pmc9u3sx3ys951ro8johq.jpg]
[naftagaz.com/upload/iblock/63f/w9mabef9hm7jnqfj1adnnqtdswx7i0i8.jpg]
[naftagaz.com/upload/iblock/a90/w4aaf9x44k76zobb3v8iyo8rjhkmh6fx.jpg]
[naftagaz.com/upload/iblock/036/0l0e1t5sr04htjwd0q8j6flh6gi0i5xo.jpg]
[naftagaz.com/upload/iblock/75c/wfwmdumzbuu11bfml0g6ojkuwmprhpfr.jpg]
[naftagaz.com/upload/iblock/b38/3bc66q2myezvzw9h9tmq4chumn5w7dko.jpg]
[naftagaz.com/en/services/service/index.html]
[naftagaz.com/local/templates/naftagaz/assets/stylesheets/press-center7033.css]
[naftagaz.com/upload/resize_cache/iblock/458/720_480_2/iq6hx2s1o38xtwgjlzojs4h5qko65wnz.jpg]
[naftagaz.com/local/templates/naftagaz/assets/images/press-center/subscription-xs.png]
[naftagaz.com/upload/resize_cache/iblock/7fd/600_440_2/rgebxje7052i0chgabz32gnjfy37yyzl.jpg]
[naftagaz.com/upload/resize_cache/iblock/d54/600_440_2/x6f5rf8i7tvdtqh5x7twqw9kqot74swx.jpg]
[naftagaz.com/upload/resize_cache/iblock/f92/600_440_2/dtk4c5oxaj9fuonwmwxsj0ofz103gt1g.jpg]
[naftagaz.com/upload/resize_cache/iblock/3d0/600_440_2/uebuqns4a0721h7m655y5198ebb6eada.jpg]
[naftagaz.com/upload/resize_cache/iblock/bf5/600_440_2/ji3zwlajpy6kq429bqxr0t1yax9d4zdq.jpg]
[naftagaz.com/en/news/index.html]
[naftagaz.com/local/templates/naftagaz/assets/javascripts/press-center.js]
[naftagaz.com/local/templates/naftagaz/components/naftagaz/form/resume/style150c.css]
[naftagaz.com/local/templates/naftagaz/assets/stylesheets/career6cf4.css]
[naftagaz.com/local/templates/naftagaz/assets/images/career/vacancies/man-xs.png]
[naftagaz.com/upload/iblock/99c/tm3sin1bkcw2n9oz4tu5plznvn331g9m.png]
[naftagaz.com/en/career/index.html]
[naftagaz.com/local/templates/naftagaz/assets/javascripts/career.js]
[naftagaz.com/local/templates/naftagaz/components/naftagaz/form/contacts/style150c.css]
[naftagaz.com/local/templates/naftagaz/assets/stylesheets/contactsc99c.css]
[naftagaz.com/upload/resize_cache/iblock/c58/500_360_2/pomx99dylmy4se79syclu0ec5tl68gfp.jpg]
[naftagaz.com/upload/iblock/d75/s7chvqcz3i2471m4bkt6r23z62cuqhp8.jpg]
[naftagaz.com/upload/iblock/fe5/kb7uca4wm8k6suq1ko7z7zonxnavuu2t.jpg]
[naftagaz.com/en/contacts/index.html]
[naftagaz.com/local/templates/naftagaz/assets/javascripts/contacts.js]
[naftagaz.com/local/templates/naftagaz/components/naftagaz/form/hotline/style150c.css]
[naftagaz.com/local/templates/naftagaz/assets/stylesheets/hotline2e17.css]
[naftagaz.com/en/hotline/index.html]
[naftagaz.com/local/templates/naftagaz/assets/javascripts/hotline.js]
[naftagaz.com/local/templates/naftagaz/assets/stylesheets/ceo-modal9f16.css]
[naftagaz.com/upload/iblock/5d1/07f3chlvwsmf137g3bpm0p9t811wdw1l.png]
[naftagaz.com/en/ceo/islam-nazaraliev/index.html]
[naftagaz.com/upload/resize_cache/iblock/458/600_480_0/iq6hx2s1o38xtwgjlzojs4h5qko65wnz.jpg]
[naftagaz.com/en/news/naftagaz-tripled-the-benefits-package-program-for-employees/index.html]
[naftagaz.com/upload/resize_cache/iblock/7fd/600_480_0/rgebxje7052i0chgabz32gnjfy37yyzl.jpg]
[naftagaz.com/en/news/naftagaz-signed-a-new-contract-with-gazpromneft-zapolyarye-for-the-construction-of-wells-at-the-uren/index.html]
[naftagaz.com/upload/resize_cache/iblock/d84/600_480_0/w5bo35fkz6ldpumv8f6577zytl43avlp.jpg]
[naftagaz.com/en/news/naftagaz-improved-production-performance-in-2021-compared-to-the-previous-period/index.html]
[naftagaz.com/upload/resize_cache/iblock/d54/600_480_0/x6f5rf8i7tvdtqh5x7twqw9kqot74swx.jpg]
[naftagaz.com/en/news/6-new-drilling-rigs-of-naftagaz-started-working-at-gazprom-neft-facilities/index.html]
[naftagaz.com/upload/resize_cache/iblock/f92/600_480_0/dtk4c5oxaj9fuonwmwxsj0ofz103gt1g.jpg]
[naftagaz.com/upload/medialibrary/cf4/rbi5t9nmrwt8rcs7xadjp33atitm6f6j.jpg]
[naftagaz.com/en/news/naftagaz-supported-the-northern-cup-competition-in-kyokushinkai/index.html]
[naftagaz.com/upload/resize_cache/iblock/3d0/600_480_0/uebuqns4a0721h7m655y5198ebb6eada.jpg]
[naftagaz.com/en/news/the-first-drilling-rig-of-naftagaz-started-work-at-the-tazovskoye-field-for-meretoyakhaneftegaz/index.html]
[naftagaz.com/upload/resize_cache/iblock/bf5/600_480_0/ji3zwlajpy6kq429bqxr0t1yax9d4zdq.jpg]
[naftagaz.com/en/news/the-first-lot-of-new-special-equipment-for-naftagaz-service/index.html]
[naftagaz.com/en/news/naftagaz-won-two-tenders-for-the-construction-of-79-wells-in-the-southern-part-of-the-priobskoye-fie/index.html]
[naftagaz.com/en/news/islam-nazaraliev-among-the-top-250-senior-corporate-executives-of-russia/index.html]
[naftagaz.com/en/news/mayor-of-the-city-alexei-romanov-met-with-artem-vlasov/index.html]
[naftagaz.com/en/news/naftagaz-employees-earn-ministerial-awards/index.html]
[naftagaz.com/en/news/naftagaz-drilling-celebrating-the-safety-day-with-zero-accidents/index.html]
[naftagaz.com/en/news/naftagaz-continuously-implementing-the-zapolyarye-gas-project/index.html]
[naftagaz.com/en/news/gazpromneft-khantos-has-sent-a-letter-of-gratitude-to-naftagaz-drilling-company/index.html]
[naftagaz.com/en/mass_media/press-the-russian-drilling-market-will-keep-growing-at-any-oil-price/index.html]
[naftagaz.com/en/mass_media/press-foreign-companies-may-hijack-russian-oilfield-services/index.html]
[naftagaz.com/en/mass_media/press-prospects-of-the-russian-oilfield-services/index.html]
[naftagaz.com/en/mass_media/press-naftagaz-names-best-employees-among-drillers/index.html]
[naftagaz.com/en/mass_media/press-heroes-hit-the-stand/index.html]
[naftagaz.com/en/mass_media/press-agreement-worth-5-billion-roubles-signed-between-vtb-leasing-and-naftagaz-drilling/index.html]
[naftagaz.com/bitrix/js/ui/polyfill/closest/js/closest.html]
[naftagaz.com/en/POST.html]
[naftagaz.com/en/Trident/index.html]
[naftagaz.com/local/templates/naftagaz/assets/stylesheets/privacy-policya081.css]
[naftagaz.com/en/privacy/POST.html]
[naftagaz.com/en/privacy/Trident/index.html]
[naftagaz.com/local/templates/naftagaz/assets/stylesheets/about1a6b.css]
[naftagaz.com/en/projects/zapolyare/index.html]
[naftagaz.com/en/projects/yamal/index.html]
[naftagaz.com/en/projects/varyegan/index.html]
[naftagaz.com/en/projects/khantos/index.html]
[naftagaz.com/en/projects/vostok/index.html]
[naftagaz.com/en/company/POST.html]
[naftagaz.com/en/company/Trident/index.html]
[naftagaz.com/local/templates/naftagaz/assets/stylesheets/socialef54.css]
[naftagaz.com/en/company/sustainable_development/POST.html]
[naftagaz.com/en/company/sustainable_development/Trident/index.html]
[naftagaz.com/local/templates/naftagaz/assets/stylesheets/drilinga699.css]
[naftagaz.com/en/services/driling/POST.html]
[naftagaz.com/en/services/driling/Trident/index.html]
[naftagaz.com/local/templates/naftagaz/assets/stylesheets/servicedc29.css]
[naftagaz.com/en/services/service/POST.html]
[naftagaz.com/en/services/service/Trident/index.html]
[naftagaz.com/local/templates/naftagaz/assets/stylesheets/press-center7033.css]
[naftagaz.com/en/news/mass_media/index.html]
[naftagaz.com/en/news/video/index.html]
[naftagaz.com/en/news/photo/index.html]
[naftagaz.com/en/news/reports/index.html]
[naftagaz.com/en/personal_data/index.html]
[naftagaz.com/en/news/POST.html]
[naftagaz.com/en/news/Trident/index.html]
[naftagaz.com/local/templates/naftagaz/components/naftagaz/form/resume/style150c.css]
[naftagaz.com/local/templates/naftagaz/assets/stylesheets/career6cf4.css]
[naftagaz.com/en/career/success-stories/index.html]
[naftagaz.com/en/career/hall-of-fame/index.html]
[naftagaz.com/en/career/POST.html]
[naftagaz.com/en/career/Trident/index.html]
[naftagaz.com/local/templates/naftagaz/components/naftagaz/form/contacts/style150c.css]
[naftagaz.com/local/templates/naftagaz/assets/stylesheets/contactsc99c.css]
[naftagaz.com/en/contacts/POST.html]
[naftagaz.com/en/contacts/Trident/index.html]
[naftagaz.com/local/templates/naftagaz/components/naftagaz/form/hotline/style150c.css]
[naftagaz.com/local/templates/naftagaz/assets/stylesheets/hotline2e17.css]
[naftagaz.com/en/hotline/POST.html]
[naftagaz.com/en/hotline/Trident/index.html]
[naftagaz.com/local/templates/naftagaz/assets/stylesheets/ceo-modal9f16.css]
[naftagaz.com/en/ceo/islam-nazaraliev/POST.html]
[naftagaz.com/en/ceo/islam-nazaraliev/Trident/index.html]
[naftagaz.com/en/news/naftagaz-tripled-the-benefits-package-program-for-employees/POST.html]
[naftagaz.com/en/news/naftagaz-tripled-the-benefits-package-program-for-employees/Trident/index.html]
[naftagaz.com/en/news/naftagaz-signed-a-new-contract-with-gazpromneft-zapolyarye-for-the-construction-of-wells-at-the-uren/POST.html]
[naftagaz.com/en/news/naftagaz-signed-a-new-contract-with-gazpromneft-zapolyarye-for-the-construction-of-wells-at-the-uren/Trident/index.html]
[naftagaz.com/en/news/naftagaz-improved-production-performance-in-2021-compared-to-the-previous-period/POST.html]
[naftagaz.com/en/news/naftagaz-improved-production-performance-in-2021-compared-to-the-previous-period/Trident/index.html]
[naftagaz.com/en/news/6-new-drilling-rigs-of-naftagaz-started-working-at-gazprom-neft-facilities/POST.html]
[naftagaz.com/en/news/6-new-drilling-rigs-of-naftagaz-started-working-at-gazprom-neft-facilities/Trident/index.html]
[naftagaz.com/en/news/naftagaz-supported-the-northern-cup-competition-in-kyokushinkai/POST.html]
[naftagaz.com/en/news/naftagaz-supported-the-northern-cup-competition-in-kyokushinkai/Trident/index.html]
[naftagaz.com/en/news/the-first-drilling-rig-of-naftagaz-started-work-at-the-tazovskoye-field-for-meretoyakhaneftegaz/POST.html]
[naftagaz.com/en/news/the-first-drilling-rig-of-naftagaz-started-work-at-the-tazovskoye-field-for-meretoyakhaneftegaz/Trident/index.html]
[naftagaz.com/en/news/the-first-lot-of-new-special-equipment-for-naftagaz-service/POST.html]
[naftagaz.com/en/news/the-first-lot-of-new-special-equipment-for-naftagaz-service/Trident/index.html]
